package TestCase

func TestCase() {

	// Generated by TestConversionFunctionBuilderBuildConversion_GivenSourceAndDestinationTypes_GeneratesExpectedCode/from_alias_to_string
	destination = string(source)

}
