package TestCase

func TestCase() {

	// Generated by TestConversionFunctionBuilderBuildConversion_GivenSourceAndDestinationTypes_GeneratesExpectedCode/to_alias_from_string
	destination = alias(source)

}
